Microchip MPLAB XC8 Compiler V1.34 ()

Linker command line:

--edf=C:\Program Files (x86)\Microchip\xc8\v1.34\dat\en_msgs.txt -cs \
  -h+c_enum.sym --cmf=c_enum.cmf -z -Q18F4550 \
  -oC:\Users\OWNER\AppData\Local\Temp\s60o.6 -Mc_enum.map -E1 -ver=XC8 \
  -ASTACK=060h-07ffh -pstack=STACK -ACODE=00h-07FFFh -ACONST=00h-07FFFh \
  -ASMALLCONST=0800h-08FFhx120 -AMEDIUMCONST=0800h-07FFFh -ACOMRAM=01h-05Fh \
  -AABS1=00h-07FFh -ABIGRAM=01h-07FFh -ARAM=060h-0FFh,0100h-01FFhx7 \
  -ABANK0=060h-0FFh -ABANK1=0100h-01FFh -ABANK2=0200h-02FFh \
  -ABANK3=0300h-03FFh -ABANK4=0400h-04FFh -ABANK5=0500h-05FFh \
  -ABANK6=0600h-06FFh -ABANK7=0700h-07FFh -ASFR=0F60h-0FFFh \
  -preset_vec=00h,intcode,intcodelo,powerup,init,end_init -pramtop=0800h \
  -psmallconst=SMALLCONST -pmediumconst=MEDIUMCONST -pconst=CONST \
  -AFARRAM=00h-00h -ACONFIG=0300000h-030000Dh -pconfig=CONFIG \
  -AIDLOC=0200000h-0200007h -pidloc=IDLOC -AEEDATA=0F00000h-0F000FFh \
  -peeprom_data=EEDATA \
  -prdata=COMRAM,nvrram=COMRAM,nvbit=COMRAM,rbss=COMRAM,rbit=COMRAM \
  -pfarbss=FARRAM,fardata=FARRAM,nvFARRAM=FARRAM \
  -pintsave_regs=BIGRAM,bigbss=BIGRAM,bigdata=BIGRAM -pbss=RAM \
  -pidata=CODE,irdata=CODE,ibigdata=CODE,ifardata=CODE -prparam=COMRAM \
  startup.obj c_enum.obj 

Object code version is 3.11

Machine type is 18F4550

Call graph: (short form)




                Name                               Link     Load   Length Selector   Space Scale
startup.obj     end_init                              0        0        4        0       0
c_enum.obj      mediumconst                        7EE8     7EE8      118     3F74       0
                text4                              7B30     7B30       5C     3D98       0
                text3                              7AE4     7AE4       4C     3D72       0
                text2                              7AD8     7AD8        2     3D6C       0
                text1                              7B8C     7B8C      19A     3DC6       0
                text0                              7D26     7D26      1C2     3E93       0
                cstackCOMRAM                          1        1       26        1       1
                cinit                              7ADA     7ADA        A     3D6D       0

TOTAL           Name                               Link     Load   Length     Space
        CLASS   STACK          

        CLASS   CODE           
                end_init                              0        0        4         0
                text4                              7B30     7B30       5C         0
                text3                              7AE4     7AE4       4C         0
                text2                              7AD8     7AD8        2         0
                text1                              7B8C     7B8C      19A         0
                text0                              7D26     7D26      1C2         0
                cinit                              7ADA     7ADA        A         0

        CLASS   CONST          

        CLASS   SMALLCONST     

        CLASS   MEDIUMCONST    
                mediumconst                        7EE8     7EE8      118         0

        CLASS   COMRAM         
                cstackCOMRAM                          1        1       26         1

        CLASS   ABS1           

        CLASS   BIGRAM         

        CLASS   RAM            

        CLASS   BANK0          

        CLASS   BANK1          

        CLASS   BANK2          

        CLASS   BANK3          

        CLASS   BANK4          

        CLASS   BANK5          

        CLASS   BANK6          

        CLASS   BANK7          

        CLASS   SFR            

        CLASS   FARRAM         

        CLASS   CONFIG         

        CLASS   IDLOC          

        CLASS   EEDATA         



SEGMENTS        Name                           Load    Length   Top    Selector   Space  Class

                reset_vec                      000000  000004  000004         0       0  CODE    
                cstackCOMRAM                   000001  000026  000027         1       1  COMRAM  
                text2                          007AD8  000002  007ADA      3D6C       0  CODE    
                cinit                          007ADA  00000A  007AE4      3D6D       0  CODE    
                text3                          007AE4  00004C  007B30      3D72       0  CODE    
                text4                          007B30  00005C  007B8C      3D98       0  CODE    
                text1                          007B8C  00019A  007D26      3DC6       0  CODE    
                text0                          007D26  0001C2  007EE8      3E93       0  CODE    
                mediumconst                    007EE8  000118  008000      3F74       0  MEDIUMCO


UNUSED ADDRESS RANGES

        Name                Unused          Largest block    Delta
        BANK0            0060-00FF             A0
        BANK1            0100-01FF            100
        BANK2            0200-02FF            100
        BANK3            0300-03FF            100
        BANK4            0400-04FF            100
        BANK5            0500-05FF            100
        BANK6            0600-06FF            100
        BANK7            0700-07FF            100
        BIGRAM           0027-07FF            7D9
        CODE             0004-7AD7           7AD4
        COMRAM           0027-005F             39
        CONFIG           300000-30000D              E
        CONST            0004-7AD7           7AD4
        EEDATA           F00000-F000FF            100
        IDLOC            200000-200007              8
        MEDIUMCONST      0800-7AD7           72D8
        RAM              0060-07FF            100
        SFR              0F60-0FFF             A0
        SMALLCONST       0800-7AD7            100
        STACK            0060-07FF            7A0

                                  Symbol Table

?___lwdiv                cstackCOMRAM 0001
?___lwmod                cstackCOMRAM 0008
?_printf                 cstackCOMRAM 000D
__HRAM                   (abs)        0000
__Habs1                  abs1         0000
__Hbank0                 bank0        0000
__Hbank1                 bank1        0000
__Hbank2                 bank2        0000
__Hbank3                 bank3        0000
__Hbank4                 bank4        0000
__Hbank5                 bank5        0000
__Hbank6                 bank6        0000
__Hbank7                 bank7        0000
__Hbigbss                bigbss       0000
__Hbigdata               bigdata      0000
__Hbigram                bigram       0000
__Hbss                   bss          0000
__Hcinit                 cinit        0000
__Hclrtext               clrtext      0000
__Hcomram                comram       0000
__Hconfig                config       0000
__Hconst                 const        0000
__HcstackCOMRAM          cstackCOMRAM 0000
__Hdata                  data         0000
__Heeprom_data           eeprom_data  0000
__Hend_init              end_init     0004
__Hfarbss                farbss       0000
__Hfardata               fardata      0000
__Hibigdata              ibigdata     0000
__Hidata                 idata        0000
__Hidloc                 idloc        0000
__Hifardata              ifardata     0000
__Hinit                  init         0000
__Hintcode               intcode      0000
__Hintcode_body          intcode_body 0000
__Hintcodelo             intcodelo    0000
__Hintentry              intentry     0000
__Hintret                intret       0000
__Hintsave_regs          intsave_regs 0000
__Hirdata                irdata       0000
__Hmediumconst           mediumconst  8000
__HnvFARRAM              nvFARRAM     0000
__Hnvbit                 nvbit        0000
__Hnvrram                nvrram       0000
__Hparam                 rparam       0000
__Hpowerup               powerup      0000
__Hram                   ram          0000
__Hramtop                ramtop       0800
__Hrbit                  rbit         0000
__Hrbss                  rbss         0000
__Hrdata                 rdata        0000
__Hreset_vec             reset_vec    0000
__Hrparam                rparam       0000
__Hsfr                   sfr          0000
__Hsmallconst            smallconst   0000
__Hspace_0               (abs)        8000
__Hspace_1               (abs)        0027
__Hspace_2               (abs)        0000
__Hstack                 stack        0000
__Hstruct                struct       0000
__Htemp                  temp         0000
__Htext                  text         0000
__Htext0                 text0        0000
__Htext1                 text1        0000
__Htext2                 text2        0000
__Htext3                 text3        0000
__Htext4                 text4        0000
__LRAM                   (abs)        0001
__Labs1                  abs1         0000
__Lbank0                 bank0        0000
__Lbank1                 bank1        0000
__Lbank2                 bank2        0000
__Lbank3                 bank3        0000
__Lbank4                 bank4        0000
__Lbank5                 bank5        0000
__Lbank6                 bank6        0000
__Lbank7                 bank7        0000
__Lbigbss                bigbss       0000
__Lbigdata               bigdata      0000
__Lbigram                bigram       0000
__Lbss                   bss          0000
__Lcinit                 cinit        0000
__Lclrtext               clrtext      0000
__Lcomram                comram       0000
__Lconfig                config       0000
__Lconst                 const        0000
__LcstackCOMRAM          cstackCOMRAM 0000
__Ldata                  data         0000
__Leeprom_data           eeprom_data  0000
__Lend_init              end_init     0000
__Lfarbss                farbss       0000
__Lfardata               fardata      0000
__Libigdata              ibigdata     0000
__Lidata                 idata        0000
__Lidloc                 idloc        0000
__Lifardata              ifardata     0000
__Linit                  init         0000
__Lintcode               intcode      0000
__Lintcode_body          intcode_body 0000
__Lintcodelo             intcodelo    0000
__Lintentry              intentry     0000
__Lintret                intret       0000
__Lintsave_regs          intsave_regs 0000
__Lirdata                irdata       0000
__Lmediumconst           mediumconst  7EE8
__LnvFARRAM              nvFARRAM     0000
__Lnvbit                 nvbit        0000
__Lnvrram                nvrram       0000
__Lparam                 rparam       0000
__Lpowerup               powerup      0000
__Lram                   ram          0000
__Lramtop                ramtop       0800
__Lrbit                  rbit         0000
__Lrbss                  rbss         0000
__Lrdata                 rdata        0000
__Lreset_vec             reset_vec    0000
__Lrparam                rparam       0000
__Lsfr                   sfr          0000
__Lsmallconst            smallconst   0000
__Lspace_0               (abs)        0000
__Lspace_1               (abs)        0000
__Lspace_2               (abs)        0000
__Lstack                 stack        0000
__Lstruct                struct       0000
__Ltemp                  temp         0000
__Ltext                  text         0000
__Ltext0                 text0        0000
__Ltext1                 text1        0000
__Ltext2                 text2        0000
__Ltext3                 text3        0000
__Ltext4                 text4        0000
__S0                     (abs)        8000
__S1                     (abs)        0027
__S2                     (abs)        0000
___inthi_sp              stack        0000
___intlo_sp              stack        0000
___lwdiv                 text4        7B30
___lwdiv@counter         cstackCOMRAM 0007
___lwdiv@dividend        cstackCOMRAM 0001
___lwdiv@divisor         cstackCOMRAM 0003
___lwdiv@quotient        cstackCOMRAM 0005
___lwmod                 text3        7AE4
___lwmod@counter         cstackCOMRAM 000C
___lwmod@dividend        cstackCOMRAM 0008
___lwmod@divisor         cstackCOMRAM 000A
___param_bank            (abs)        0010
___rparam_used           (abs)        0001
___sp                    stack        0000
__accesstop              (abs)        0060
__activetblptr           (abs)        0002
__end_of___lwdiv         text4        7B8C
__end_of___lwmod         text3        7B30
__end_of__initialization cinit        7ADA
__end_of_dpowers         mediumconst  7EF3
__end_of_main            text0        7EE8
__end_of_printf          text1        7D26
__end_of_putch           text2        7ADA
__initialization         cinit        7ADA
__mediumconst            mediumconst  7EE8
__pcinit                 cinit        7ADA
__pcstackCOMRAM          cstackCOMRAM 0001
__pmediumconst           mediumconst  7EE8
__ptext0                 text0        7D26
__ptext1                 text1        7B8C
__ptext2                 text2        7AD8
__ptext3                 text3        7AE4
__ptext4                 text4        7B30
__ramtop                 ramtop       0800
__size_of___lwdiv        (abs)        0000
__size_of___lwmod        (abs)        0000
__size_of_main           (abs)        0000
__size_of_printf         (abs)        0000
__size_of_putch          (abs)        0000
__smallconst             smallconst   0000
_dpowers                 mediumconst  7EE9
_main                    text0        7D26
_main$43                 cstackCOMRAM 001B
_main$48                 cstackCOMRAM 001D
_main$53                 cstackCOMRAM 001F
_main$58                 cstackCOMRAM 0021
_main$63                 cstackCOMRAM 0023
_printf                  text1        7B8C
_putch                   text2        7AD8
end_of_initialization    cinit        7ADA
intlevel0                text         0000
intlevel1                text         0000
intlevel2                text         0000
intlevel3                text         0000
main@A                   cstackCOMRAM 0026
main@B                   cstackCOMRAM 0025
printf@ap                cstackCOMRAM 0014
printf@c                 cstackCOMRAM 001A
printf@cp                cstackCOMRAM 0016
printf@f                 cstackCOMRAM 000D
printf@flag              cstackCOMRAM 0012
printf@prec              cstackCOMRAM 0013
printf@val               cstackCOMRAM 0018
stackhi                  (abs)        07FF
stacklo                  (abs)        0060
start                    init         0000
start_initialization     cinit        7ADA


FUNCTION INFORMATION:

 *************** function _main *****************
 Defined at:
		line 16 in file "D:\git\enum_test\mplab\xc8\c_enum_test.c"
 Parameters:    Size  Location     Type
		None
 Auto vars:     Size  Location     Type
  A               1   37[COMRAM] enum E185
  B               1   36[COMRAM] enum E189
 Return value:  Size  Location     Type
                  2    4[None  ] int 
 Registers used:
		wreg, fsr2l, fsr2h, status,2, status,0, tblptrl, tblptrh, tblptru, prodl, prodh, cstack
 Tracked objects:
		On entry : 
		On exit  : 
		Unchanged: 
 Data sizes:     COMRAM   BANK0   BANK1   BANK2   BANK3   BANK4   BANK5   BANK6   BANK7
      Params:         0       0       0       0       0       0       0       0       0
      Locals:        12       0       0       0       0       0       0       0       0
      Temps:          0       0       0       0       0       0       0       0       0
      Totals:        12       0       0       0       0       0       0       0       0
Total ram usage:       12 bytes
 Hardware stack levels required when called:    2
 This function calls:
		_printf
 This function is called by:
		Startup code after reset
 This function uses a non-reentrant model


 *************** function _printf *****************
 Defined at:
		line 464 in file "C:\Program Files (x86)\Microchip\xc8\v1.34\sources\common\doprnt.c"
 Parameters:    Size  Location     Type
  f               2   12[COMRAM] PTR const unsigned char 
		 -> STR_24(18), STR_23(18), STR_22(18), STR_21(18), 
		 -> STR_20(16), STR_17(17), STR_14(17), STR_11(17), 
		 -> STR_8(17), STR_5(17), STR_4(16), STR_3(16), 
		 -> STR_2(22), STR_1(22), 
 Auto vars:     Size  Location     Type
  tmpval          4    0        struct .
  val             2   23[COMRAM] unsigned int 
  cp              2   21[COMRAM] PTR const unsigned char 
		 -> STR_25(7), STR_19(6), STR_18(5), STR_16(6), 
		 -> STR_15(5), STR_13(6), STR_12(5), STR_10(6), 
		 -> STR_9(5), STR_7(6), STR_6(5), 
  ap              2   19[COMRAM] PTR void [1]
		 -> ?_printf(2), 
  len             2    0        unsigned int 
  c               1   25[COMRAM] char 
  prec            1   18[COMRAM] char 
  flag            1   17[COMRAM] unsigned char 
 Return value:  Size  Location     Type
                  2   12[COMRAM] int 
 Registers used:
		wreg, fsr2l, fsr2h, status,2, status,0, tblptrl, tblptrh, tblptru, prodl, prodh, cstack
 Tracked objects:
		On entry : 
		On exit  : 
		Unchanged: 
 Data sizes:     COMRAM   BANK0   BANK1   BANK2   BANK3   BANK4   BANK5   BANK6   BANK7
      Params:         4       0       0       0       0       0       0       0       0
      Locals:         9       0       0       0       0       0       0       0       0
      Temps:          1       0       0       0       0       0       0       0       0
      Totals:        14       0       0       0       0       0       0       0       0
Total ram usage:       14 bytes
 Hardware stack levels used:    1
 Hardware stack levels required when called:    1
 This function calls:
		___lwdiv
		___lwmod
		_putch
 This function is called by:
		_main
 This function uses a non-reentrant model


 *************** function _putch *****************
 Defined at:
		line 7 in file "C:\Program Files (x86)\Microchip\xc8\v1.34\sources\common\putch.c"
 Parameters:    Size  Location     Type
  c               1    wreg     unsigned char 
 Auto vars:     Size  Location     Type
  c               1    0[COMRAM] unsigned char 
 Return value:  Size  Location     Type
		None               void
 Registers used:
		wreg
 Tracked objects:
		On entry : 
		On exit  : 
		Unchanged: 
 Data sizes:     COMRAM   BANK0   BANK1   BANK2   BANK3   BANK4   BANK5   BANK6   BANK7
      Params:         0       0       0       0       0       0       0       0       0
      Locals:         0       0       0       0       0       0       0       0       0
      Temps:          0       0       0       0       0       0       0       0       0
      Totals:         0       0       0       0       0       0       0       0       0
Total ram usage:        0 bytes
 Hardware stack levels used:    1
 This function calls:
		Nothing
 This function is called by:
		_printf
 This function uses a non-reentrant model


 *************** function ___lwmod *****************
 Defined at:
		line 8 in file "C:\Program Files (x86)\Microchip\xc8\v1.34\sources\common\lwmod.c"
 Parameters:    Size  Location     Type
  dividend        2    7[COMRAM] unsigned int 
  divisor         2    9[COMRAM] unsigned int 
 Auto vars:     Size  Location     Type
  counter         1   11[COMRAM] unsigned char 
 Return value:  Size  Location     Type
                  2    7[COMRAM] unsigned int 
 Registers used:
		wreg, status,2, status,0
 Tracked objects:
		On entry : 
		On exit  : 
		Unchanged: 
 Data sizes:     COMRAM   BANK0   BANK1   BANK2   BANK3   BANK4   BANK5   BANK6   BANK7
      Params:         4       0       0       0       0       0       0       0       0
      Locals:         1       0       0       0       0       0       0       0       0
      Temps:          0       0       0       0       0       0       0       0       0
      Totals:         5       0       0       0       0       0       0       0       0
Total ram usage:        5 bytes
 Hardware stack levels used:    1
 This function calls:
		Nothing
 This function is called by:
		_printf
 This function uses a non-reentrant model


 *************** function ___lwdiv *****************
 Defined at:
		line 8 in file "C:\Program Files (x86)\Microchip\xc8\v1.34\sources\common\lwdiv.c"
 Parameters:    Size  Location     Type
  dividend        2    0[COMRAM] unsigned int 
  divisor         2    2[COMRAM] unsigned int 
 Auto vars:     Size  Location     Type
  quotient        2    4[COMRAM] unsigned int 
  counter         1    6[COMRAM] unsigned char 
 Return value:  Size  Location     Type
                  2    0[COMRAM] unsigned int 
 Registers used:
		wreg, status,2, status,0
 Tracked objects:
		On entry : 
		On exit  : 
		Unchanged: 
 Data sizes:     COMRAM   BANK0   BANK1   BANK2   BANK3   BANK4   BANK5   BANK6   BANK7
      Params:         4       0       0       0       0       0       0       0       0
      Locals:         3       0       0       0       0       0       0       0       0
      Temps:          0       0       0       0       0       0       0       0       0
      Totals:         7       0       0       0       0       0       0       0       0
Total ram usage:        7 bytes
 Hardware stack levels used:    1
 This function calls:
		Nothing
 This function is called by:
		_printf
 This function uses a non-reentrant model



MODULE INFORMATION

Module		Function		Class		Link	Load	Size
C:\Program Files (x86)\Microchip\xc8\v1.34\sources\common\lwmod.c
		___lwmod       		CODE           	7AE4	0000	77

C:\Program Files (x86)\Microchip\xc8\v1.34\sources\common\lwmod.c estimated size: 77

D:\git\enum_test\mplab\xc8\c_enum_test.c
		_main          		CODE           	7D26	0000	451

D:\git\enum_test\mplab\xc8\c_enum_test.c estimated size: 451

C:\Program Files (x86)\Microchip\xc8\v1.34\sources\common\putch.c
		_putch         		CODE           	7AD8	0000	3

C:\Program Files (x86)\Microchip\xc8\v1.34\sources\common\putch.c estimated size: 3

shared
		_dpowers       		MEDIUMCONST    	7EE9	0000	11
		__initializatio		CODE           	7ADA	0000	1

shared estimated size: 12

C:\Program Files (x86)\Microchip\xc8\v1.34\sources\common\lwdiv.c
		___lwdiv       		CODE           	7B30	0000	93

C:\Program Files (x86)\Microchip\xc8\v1.34\sources\common\lwdiv.c estimated size: 93

C:\Program Files (x86)\Microchip\xc8\v1.34\sources\common\doprnt.c
		_printf        		CODE           	7B8C	0000	411

C:\Program Files (x86)\Microchip\xc8\v1.34\sources\common\doprnt.c estimated size: 411

